// Jest Snapshot v1, https://goo.gl/fbAQLP

exports[`localStorage constants should match snapshot 1`] = `
{
  "EMAIL": "email",
  "LOCALIZATION": "localization",
  "REFRESH_TOKEN": "refresh_token",
  "TOKEN": "token",
  "USER_INFO": "user_info",
}
`;
