// Jest Snapshot v1, https://goo.gl/fbAQLP

exports[`OrderSummary matches snapshot 1`] = `
<div>
  <div
    class="bg-white rounded-[12px] p-6 border border-gray-200"
  >
    <h2
      class="text-xl font-bold mb-6"
    >
      lbl.orderSummary
    </h2>
    <div
      class="space-y-4"
    >
      <div
        class="flex justify-between"
      >
        <span
          class="text-gray-600"
        >
          lbl.subTotal
        </span>
        <span
          class="font-medium"
        >
          200000 ₫
        </span>
      </div>
      <div
        class="flex justify-between"
      >
        <span
          class="text-gray-600"
        >
          lbl.deliveryFee
        </span>
        <span
          class="font-medium"
        >
          20000 ₫
        </span>
      </div>
      <div
        class="border-t border-gray-200 pt-4 mt-4"
      >
        <div
          class="flex justify-between"
        >
          <span
            class="text-lg font-medium"
          >
            lbl.total
          </span>
          <span
            class="text-lg font-bold"
          >
            220000 ₫
          </span>
        </div>
      </div>
      <button
        class="w-full bg-black text-white py-4 px-6 rounded-full mt-6 flex items-center justify-center"
      >
        <span>
          lbl.gotoCheckout
        </span>
        <svg
          class="lucide lucide-arrow-right ml-2"
          fill="none"
          height="18"
          stroke="currentColor"
          stroke-linecap="round"
          stroke-linejoin="round"
          stroke-width="2"
          viewBox="0 0 24 24"
          width="18"
          xmlns="http://www.w3.org/2000/svg"
        >
          <path
            d="M5 12h14"
          />
          <path
            d="m12 5 7 7-7 7"
          />
        </svg>
      </button>
    </div>
  </div>
</div>
`;
