// Jest Snapshot v1, https://goo.gl/fbAQLP

exports[`ProfileImage Component matches snapshot 1`] = `
<div>
  <div
    class="relative group cursor-pointer"
  >
    <div
      class="h-32 w-32 sm:h-40 sm:w-40 rounded-full border-4 border-white overflow-hidden bg-white shadow-lg"
      data-testid="motion-div"
      whilehover="[object Object]"
      whiletap="[object Object]"
    >
      <img
        alt="Profile"
        class="h-full w-full object-cover"
        src="test-image.jpg"
      />
      <div
        class="absolute inset-0 bg-black bg-opacity-50 flex items-center justify-center opacity-0 group-hover:opacity-100 transition-opacity"
      >
        <svg
          class="lucide lucide-camera h-8 w-8 text-white"
          fill="none"
          height="24"
          stroke="currentColor"
          stroke-linecap="round"
          stroke-linejoin="round"
          stroke-width="2"
          viewBox="0 0 24 24"
          width="24"
          xmlns="http://www.w3.org/2000/svg"
        >
          <path
            d="M14.5 4h-5L7 7H4a2 2 0 0 0-2 2v9a2 2 0 0 0 2 2h16a2 2 0 0 0 2-2V9a2 2 0 0 0-2-2h-3l-2.5-3z"
          />
          <circle
            cx="12"
            cy="13"
            r="3"
          />
        </svg>
      </div>
    </div>
    <input
      accept="image/*"
      class="hidden"
      type="file"
    />
  </div>
</div>
`;
