// Jest Snapshot v1, https://goo.gl/fbAQLP

exports[`PolicySection matches snapshot 1`] = `
<div>
  <div
    class="mb-6"
    data-testid="motion-div"
  >
    <h2
      class="text-xl font-semibold mb-2"
    >
      Returns Policy
    </h2>
    <p
      class="text-gray-700"
    >
      Our returns policy allows returns within 30 days of purchase.
    </p>
  </div>
</div>
`;
